[  589660ms] [ERROR] WebSocket connection to 'ws://localhost:3002/_next/hmr?id=_oRwdrD3irp9dfjlXySIF' failed: Error in connection establishment: net::ERR_CONNECTION_REFUSED @ http://localhost:3002/_next/static/chunks/node_modules_next_dist_client_0_90u2t._.js:16348
[  590662ms] [ERROR] WebSocket connection to 'ws://localhost:3002/_next/hmr?id=_oRwdrD3irp9dfjlXySIF' failed: Error in connection establishment: net::ERR_CONNECTION_REFUSED @ http://localhost:3002/_next/static/chunks/node_modules_next_dist_client_0_90u2t._.js:16348
[  591664ms] [ERROR] WebSocket connection to 'ws://localhost:3002/_next/hmr?id=_oRwdrD3irp9dfjlXySIF' failed: Error in connection establishment: net::ERR_CONNECTION_REFUSED @ http://localhost:3002/_next/static/chunks/node_modules_next_dist_client_0_90u2t._.js:16348
[  592667ms] [ERROR] WebSocket connection to 'ws://localhost:3002/_next/hmr?id=_oRwdrD3irp9dfjlXySIF' failed: Error in connection establishment: net::ERR_CONNECTION_REFUSED @ http://localhost:3002/_next/static/chunks/node_modules_next_dist_client_0_90u2t._.js:16348
[  593669ms] [ERROR] WebSocket connection to 'ws://localhost:3002/_next/hmr?id=_oRwdrD3irp9dfjlXySIF' failed: Error in connection establishment: net::ERR_CONNECTION_REFUSED @ http://localhost:3002/_next/static/chunks/node_modules_next_dist_client_0_90u2t._.js:16348
[  598673ms] [ERROR] WebSocket connection to 'ws://localhost:3002/_next/hmr?id=_oRwdrD3irp9dfjlXySIF' failed: Error in connection establishment: net::ERR_CONNECTION_REFUSED @ http://localhost:3002/_next/static/chunks/node_modules_next_dist_client_0_90u2t._.js:16348
[  603685ms] [ERROR] WebSocket connection to 'ws://localhost:3002/_next/hmr?id=_oRwdrD3irp9dfjlXySIF' failed: Error in connection establishment: net::ERR_CONNECTION_REFUSED @ http://localhost:3002/_next/static/chunks/node_modules_next_dist_client_0_90u2t._.js:16348
[  608700ms] [ERROR] WebSocket connection to 'ws://localhost:3002/_next/hmr?id=_oRwdrD3irp9dfjlXySIF' failed: Error in connection establishment: net::ERR_CONNECTION_REFUSED @ http://localhost:3002/_next/static/chunks/node_modules_next_dist_client_0_90u2t._.js:16348
[  613736ms] [ERROR] WebSocket connection to 'ws://localhost:3002/_next/hmr?id=_oRwdrD3irp9dfjlXySIF' failed: Error in connection establishment: net::ERR_CONNECTION_REFUSED @ http://localhost:3002/_next/static/chunks/node_modules_next_dist_client_0_90u2t._.js:16348
[  618812ms] [ERROR] WebSocket connection to 'ws://localhost:3002/_next/hmr?id=_oRwdrD3irp9dfjlXySIF' failed: Error in connection establishment: net::ERR_CONNECTION_REFUSED @ http://localhost:3002/_next/static/chunks/node_modules_next_dist_client_0_90u2t._.js:16348
[  623893ms] [ERROR] WebSocket connection to 'ws://localhost:3002/_next/hmr?id=_oRwdrD3irp9dfjlXySIF' failed: Error in connection establishment: net::ERR_CONNECTION_REFUSED @ http://localhost:3002/_next/static/chunks/node_modules_next_dist_client_0_90u2t._.js:16348
[  629113ms] [ERROR] WebSocket connection to 'ws://localhost:3002/_next/hmr?id=_oRwdrD3irp9dfjlXySIF' failed: Error in connection establishment: net::ERR_CONNECTION_REFUSED @ http://localhost:3002/_next/static/chunks/node_modules_next_dist_client_0_90u2t._.js:16348
[ 1980105ms] [ERROR] Failed to load resource: the server responded with a status of 404 (Not Found) @ http://localhost:3011/idpa/2026:0
[ 1980361ms] [ERROR] Failed to load resource: the server responded with a status of 404 (Not Found) @ http://localhost:3011/idpa/2026:0
[ 1980501ms] [ERROR] Failed to load resource: the server responded with a status of 404 (Not Found) @ http://localhost:3011/idpa/2026:0
[ 1980532ms] [ERROR] Failed to load resource: the server responded with a status of 404 (Not Found) @ http://localhost:3011/idpa/2025:0
[ 1980597ms] [ERROR] Failed to load resource: the server responded with a status of 404 (Not Found) @ http://localhost:3011/ipsc/2026:0
[ 1980625ms] [ERROR] Failed to load resource: the server responded with a status of 404 (Not Found) @ http://localhost:3011/ipsc/methodology:0
[ 3039917ms] [INFO] %cDownload the React DevTools for a better development experience: https://react.dev/link/react-devtools font-weight:bold @ http://localhost:3002/_next/static/chunks/node_modules_next_dist_1e8vcs8._.js:776
[ 3039968ms] [LOG] [HMR] connected @ http://localhost:3002/_next/static/chunks/node_modules_next_dist_1e8vcs8._.js:776
[ 3040260ms] [INFO] %cDownload the React DevTools for a better development experience: https://react.dev/link/react-devtools font-weight:bold @ http://localhost:3002/_next/static/chunks/node_modules_next_dist_1e8vcs8._.js:776
[ 3040276ms] [LOG] [HMR] connected @ http://localhost:3002/_next/static/chunks/node_modules_next_dist_1e8vcs8._.js:776
[ 3040389ms] [WARNING] Detected `scroll-behavior: smooth` on the `<html>` element. To disable smooth scrolling during route transitions, add `data-scroll-behavior="smooth"` to your <html> element. Learn more: https://nextjs.org/docs/messages/missing-data-scroll-behavior @ http://localhost:3002/_next/static/chunks/node_modules_next_dist_1e8vcs8._.js:776
[ 3040492ms] [INFO] %cDownload the React DevTools for a better development experience: https://react.dev/link/react-devtools font-weight:bold @ http://localhost:3002/_next/static/chunks/node_modules_next_dist_1e8vcs8._.js:776
[ 3040504ms] [LOG] [HMR] connected @ http://localhost:3002/_next/static/chunks/node_modules_next_dist_1e8vcs8._.js:776
[ 3040682ms] [INFO] %cDownload the React DevTools for a better development experience: https://react.dev/link/react-devtools font-weight:bold @ http://localhost:3002/_next/static/chunks/node_modules_next_dist_1e8vcs8._.js:776
[ 3040695ms] [LOG] [HMR] connected @ http://localhost:3002/_next/static/chunks/node_modules_next_dist_1e8vcs8._.js:776
[ 3040792ms] [WARNING] Detected `scroll-behavior: smooth` on the `<html>` element. To disable smooth scrolling during route transitions, add `data-scroll-behavior="smooth"` to your <html> element. Learn more: https://nextjs.org/docs/messages/missing-data-scroll-behavior @ http://localhost:3002/_next/static/chunks/node_modules_next_dist_1e8vcs8._.js:776
[ 3040884ms] [INFO] %cDownload the React DevTools for a better development experience: https://react.dev/link/react-devtools font-weight:bold @ http://localhost:3002/_next/static/chunks/node_modules_next_dist_1e8vcs8._.js:776
[ 3040895ms] [LOG] [HMR] connected @ http://localhost:3002/_next/static/chunks/node_modules_next_dist_1e8vcs8._.js:776
[ 3040998ms] [WARNING] Detected `scroll-behavior: smooth` on the `<html>` element. To disable smooth scrolling during route transitions, add `data-scroll-behavior="smooth"` to your <html> element. Learn more: https://nextjs.org/docs/messages/missing-data-scroll-behavior @ http://localhost:3002/_next/static/chunks/node_modules_next_dist_1e8vcs8._.js:776
[ 3041123ms] [INFO] %cDownload the React DevTools for a better development experience: https://react.dev/link/react-devtools font-weight:bold @ http://localhost:3002/_next/static/chunks/node_modules_next_dist_1e8vcs8._.js:776
[ 3041137ms] [LOG] [HMR] connected @ http://localhost:3002/_next/static/chunks/node_modules_next_dist_1e8vcs8._.js:776
[ 3041304ms] [INFO] %cDownload the React DevTools for a better development experience: https://react.dev/link/react-devtools font-weight:bold @ http://localhost:3002/_next/static/chunks/node_modules_next_dist_1e8vcs8._.js:776
[ 3041317ms] [LOG] [HMR] connected @ http://localhost:3002/_next/static/chunks/node_modules_next_dist_1e8vcs8._.js:776
[ 3041491ms] [INFO] %cDownload the React DevTools for a better development experience: https://react.dev/link/react-devtools font-weight:bold @ http://localhost:3002/_next/static/chunks/node_modules_next_dist_1e8vcs8._.js:776
[ 3041503ms] [LOG] [HMR] connected @ http://localhost:3002/_next/static/chunks/node_modules_next_dist_1e8vcs8._.js:776
[ 3041626ms] [WARNING] Detected `scroll-behavior: smooth` on the `<html>` element. To disable smooth scrolling during route transitions, add `data-scroll-behavior="smooth"` to your <html> element. Learn more: https://nextjs.org/docs/messages/missing-data-scroll-behavior @ http://localhost:3002/_next/static/chunks/node_modules_next_dist_1e8vcs8._.js:776
[ 3041714ms] [INFO] %cDownload the React DevTools for a better development experience: https://react.dev/link/react-devtools font-weight:bold @ http://localhost:3002/_next/static/chunks/node_modules_next_dist_1e8vcs8._.js:776
[ 3041727ms] [LOG] [HMR] connected @ http://localhost:3002/_next/static/chunks/node_modules_next_dist_1e8vcs8._.js:776
[ 3041936ms] [INFO] %cDownload the React DevTools for a better development experience: https://react.dev/link/react-devtools font-weight:bold @ http://localhost:3002/_next/static/chunks/node_modules_next_dist_1e8vcs8._.js:776
[ 3041948ms] [LOG] [HMR] connected @ http://localhost:3002/_next/static/chunks/node_modules_next_dist_1e8vcs8._.js:776
[ 3042151ms] [INFO] %cDownload the React DevTools for a better development experience: https://react.dev/link/react-devtools font-weight:bold @ http://localhost:3002/_next/static/chunks/node_modules_next_dist_1e8vcs8._.js:776
[ 3042164ms] [LOG] [HMR] connected @ http://localhost:3002/_next/static/chunks/node_modules_next_dist_1e8vcs8._.js:776
[ 3042338ms] [INFO] %cDownload the React DevTools for a better development experience: https://react.dev/link/react-devtools font-weight:bold @ http://localhost:3002/_next/static/chunks/node_modules_next_dist_1e8vcs8._.js:776
[ 3042349ms] [LOG] [HMR] connected @ http://localhost:3002/_next/static/chunks/node_modules_next_dist_1e8vcs8._.js:776
[ 3042453ms] [WARNING] Detected `scroll-behavior: smooth` on the `<html>` element. To disable smooth scrolling during route transitions, add `data-scroll-behavior="smooth"` to your <html> element. Learn more: https://nextjs.org/docs/messages/missing-data-scroll-behavior @ http://localhost:3002/_next/static/chunks/node_modules_next_dist_1e8vcs8._.js:776
[ 3042532ms] [INFO] %cDownload the React DevTools for a better development experience: https://react.dev/link/react-devtools font-weight:bold @ http://localhost:3002/_next/static/chunks/node_modules_next_dist_1e8vcs8._.js:776
[ 3042541ms] [LOG] [HMR] connected @ http://localhost:3002/_next/static/chunks/node_modules_next_dist_1e8vcs8._.js:776
[ 3042770ms] [INFO] %cDownload the React DevTools for a better development experience: https://react.dev/link/react-devtools font-weight:bold @ http://localhost:3002/_next/static/chunks/node_modules_next_dist_1e8vcs8._.js:776
[ 3042782ms] [LOG] [HMR] connected @ http://localhost:3002/_next/static/chunks/node_modules_next_dist_1e8vcs8._.js:776
[ 3042987ms] [INFO] %cDownload the React DevTools for a better development experience: https://react.dev/link/react-devtools font-weight:bold @ http://localhost:3002/_next/static/chunks/node_modules_next_dist_1e8vcs8._.js:776
[ 3042999ms] [LOG] [HMR] connected @ http://localhost:3002/_next/static/chunks/node_modules_next_dist_1e8vcs8._.js:776
[ 3043118ms] [WARNING] Detected `scroll-behavior: smooth` on the `<html>` element. To disable smooth scrolling during route transitions, add `data-scroll-behavior="smooth"` to your <html> element. Learn more: https://nextjs.org/docs/messages/missing-data-scroll-behavior @ http://localhost:3002/_next/static/chunks/node_modules_next_dist_1e8vcs8._.js:776
[ 3043211ms] [INFO] %cDownload the React DevTools for a better development experience: https://react.dev/link/react-devtools font-weight:bold @ http://localhost:3002/_next/static/chunks/node_modules_next_dist_1e8vcs8._.js:776
[ 3043223ms] [LOG] [HMR] connected @ http://localhost:3002/_next/static/chunks/node_modules_next_dist_1e8vcs8._.js:776
[ 3043322ms] [WARNING] Detected `scroll-behavior: smooth` on the `<html>` element. To disable smooth scrolling during route transitions, add `data-scroll-behavior="smooth"` to your <html> element. Learn more: https://nextjs.org/docs/messages/missing-data-scroll-behavior @ http://localhost:3002/_next/static/chunks/node_modules_next_dist_1e8vcs8._.js:776
[ 3068459ms] [INFO] %cDownload the React DevTools for a better development experience: https://react.dev/link/react-devtools font-weight:bold @ http://localhost:3002/_next/static/chunks/node_modules_next_dist_1e8vcs8._.js:776
[ 3068470ms] [LOG] [HMR] connected @ http://localhost:3002/_next/static/chunks/node_modules_next_dist_1e8vcs8._.js:776
[ 3068570ms] [WARNING] Detected `scroll-behavior: smooth` on the `<html>` element. To disable smooth scrolling during route transitions, add `data-scroll-behavior="smooth"` to your <html> element. Learn more: https://nextjs.org/docs/messages/missing-data-scroll-behavior @ http://localhost:3002/_next/static/chunks/node_modules_next_dist_1e8vcs8._.js:776
[ 3068663ms] [INFO] %cDownload the React DevTools for a better development experience: https://react.dev/link/react-devtools font-weight:bold @ http://localhost:3002/_next/static/chunks/node_modules_next_dist_1e8vcs8._.js:776
[ 3068673ms] [LOG] [HMR] connected @ http://localhost:3002/_next/static/chunks/node_modules_next_dist_1e8vcs8._.js:776
[ 3068781ms] [WARNING] Detected `scroll-behavior: smooth` on the `<html>` element. To disable smooth scrolling during route transitions, add `data-scroll-behavior="smooth"` to your <html> element. Learn more: https://nextjs.org/docs/messages/missing-data-scroll-behavior @ http://localhost:3002/_next/static/chunks/node_modules_next_dist_1e8vcs8._.js:776
[ 3068864ms] [INFO] %cDownload the React DevTools for a better development experience: https://react.dev/link/react-devtools font-weight:bold @ http://localhost:3002/_next/static/chunks/node_modules_next_dist_1e8vcs8._.js:776
[ 3068876ms] [LOG] [HMR] connected @ http://localhost:3002/_next/static/chunks/node_modules_next_dist_1e8vcs8._.js:776
[ 3068965ms] [WARNING] Detected `scroll-behavior: smooth` on the `<html>` element. To disable smooth scrolling during route transitions, add `data-scroll-behavior="smooth"` to your <html> element. Learn more: https://nextjs.org/docs/messages/missing-data-scroll-behavior @ http://localhost:3002/_next/static/chunks/node_modules_next_dist_1e8vcs8._.js:776
[ 3069136ms] [INFO] %cDownload the React DevTools for a better development experience: https://react.dev/link/react-devtools font-weight:bold @ http://localhost:3002/_next/static/chunks/node_modules_next_dist_1e8vcs8._.js:776
[ 3069148ms] [LOG] [HMR] connected @ http://localhost:3002/_next/static/chunks/node_modules_next_dist_1e8vcs8._.js:776
[ 3069246ms] [WARNING] Detected `scroll-behavior: smooth` on the `<html>` element. To disable smooth scrolling during route transitions, add `data-scroll-behavior="smooth"` to your <html> element. Learn more: https://nextjs.org/docs/messages/missing-data-scroll-behavior @ http://localhost:3002/_next/static/chunks/node_modules_next_dist_1e8vcs8._.js:776
[ 3069331ms] [INFO] %cDownload the React DevTools for a better development experience: https://react.dev/link/react-devtools font-weight:bold @ http://localhost:3002/_next/static/chunks/node_modules_next_dist_1e8vcs8._.js:776
[ 3069344ms] [LOG] [HMR] connected @ http://localhost:3002/_next/static/chunks/node_modules_next_dist_1e8vcs8._.js:776
[ 3069443ms] [WARNING] Detected `scroll-behavior: smooth` on the `<html>` element. To disable smooth scrolling during route transitions, add `data-scroll-behavior="smooth"` to your <html> element. Learn more: https://nextjs.org/docs/messages/missing-data-scroll-behavior @ http://localhost:3002/_next/static/chunks/node_modules_next_dist_1e8vcs8._.js:776
[ 3069526ms] [INFO] %cDownload the React DevTools for a better development experience: https://react.dev/link/react-devtools font-weight:bold @ http://localhost:3002/_next/static/chunks/node_modules_next_dist_1e8vcs8._.js:776
[ 3069538ms] [LOG] [HMR] connected @ http://localhost:3002/_next/static/chunks/node_modules_next_dist_1e8vcs8._.js:776
[ 3069644ms] [WARNING] Detected `scroll-behavior: smooth` on the `<html>` element. To disable smooth scrolling during route transitions, add `data-scroll-behavior="smooth"` to your <html> element. Learn more: https://nextjs.org/docs/messages/missing-data-scroll-behavior @ http://localhost:3002/_next/static/chunks/node_modules_next_dist_1e8vcs8._.js:776
[ 3069740ms] [INFO] %cDownload the React DevTools for a better development experience: https://react.dev/link/react-devtools font-weight:bold @ http://localhost:3002/_next/static/chunks/node_modules_next_dist_1e8vcs8._.js:776
[ 3069753ms] [LOG] [HMR] connected @ http://localhost:3002/_next/static/chunks/node_modules_next_dist_1e8vcs8._.js:776
[ 3069851ms] [WARNING] Detected `scroll-behavior: smooth` on the `<html>` element. To disable smooth scrolling during route transitions, add `data-scroll-behavior="smooth"` to your <html> element. Learn more: https://nextjs.org/docs/messages/missing-data-scroll-behavior @ http://localhost:3002/_next/static/chunks/node_modules_next_dist_1e8vcs8._.js:776
[ 3081940ms] [INFO] %cDownload the React DevTools for a better development experience: https://react.dev/link/react-devtools font-weight:bold @ http://localhost:3002/_next/static/chunks/node_modules_next_dist_1e8vcs8._.js:776
[ 3081956ms] [LOG] [HMR] connected @ http://localhost:3002/_next/static/chunks/node_modules_next_dist_1e8vcs8._.js:776
[ 3082063ms] [WARNING] Detected `scroll-behavior: smooth` on the `<html>` element. To disable smooth scrolling during route transitions, add `data-scroll-behavior="smooth"` to your <html> element. Learn more: https://nextjs.org/docs/messages/missing-data-scroll-behavior @ http://localhost:3002/_next/static/chunks/node_modules_next_dist_1e8vcs8._.js:776
[ 3082209ms] [INFO] %cDownload the React DevTools for a better development experience: https://react.dev/link/react-devtools font-weight:bold @ http://localhost:3002/_next/static/chunks/node_modules_next_dist_1e8vcs8._.js:776
[ 3082231ms] [LOG] [HMR] connected @ http://localhost:3002/_next/static/chunks/node_modules_next_dist_1e8vcs8._.js:776
[ 3082341ms] [WARNING] Detected `scroll-behavior: smooth` on the `<html>` element. To disable smooth scrolling during route transitions, add `data-scroll-behavior="smooth"` to your <html> element. Learn more: https://nextjs.org/docs/messages/missing-data-scroll-behavior @ http://localhost:3002/_next/static/chunks/node_modules_next_dist_1e8vcs8._.js:776
[ 3082429ms] [INFO] %cDownload the React DevTools for a better development experience: https://react.dev/link/react-devtools font-weight:bold @ http://localhost:3002/_next/static/chunks/node_modules_next_dist_1e8vcs8._.js:776
[ 3082442ms] [LOG] [HMR] connected @ http://localhost:3002/_next/static/chunks/node_modules_next_dist_1e8vcs8._.js:776
[ 3082532ms] [WARNING] Detected `scroll-behavior: smooth` on the `<html>` element. To disable smooth scrolling during route transitions, add `data-scroll-behavior="smooth"` to your <html> element. Learn more: https://nextjs.org/docs/messages/missing-data-scroll-behavior @ http://localhost:3002/_next/static/chunks/node_modules_next_dist_1e8vcs8._.js:776
[ 3083237ms] [INFO] %cDownload the React DevTools for a better development experience: https://react.dev/link/react-devtools font-weight:bold @ http://localhost:3002/_next/static/chunks/node_modules_next_dist_1e8vcs8._.js:776
[ 3083248ms] [LOG] [HMR] connected @ http://localhost:3002/_next/static/chunks/node_modules_next_dist_1e8vcs8._.js:776
[ 3083343ms] [WARNING] Detected `scroll-behavior: smooth` on the `<html>` element. To disable smooth scrolling during route transitions, add `data-scroll-behavior="smooth"` to your <html> element. Learn more: https://nextjs.org/docs/messages/missing-data-scroll-behavior @ http://localhost:3002/_next/static/chunks/node_modules_next_dist_1e8vcs8._.js:776
[ 3083443ms] [INFO] %cDownload the React DevTools for a better development experience: https://react.dev/link/react-devtools font-weight:bold @ http://localhost:3002/_next/static/chunks/node_modules_next_dist_1e8vcs8._.js:776
[ 3083453ms] [LOG] [HMR] connected @ http://localhost:3002/_next/static/chunks/node_modules_next_dist_1e8vcs8._.js:776
[ 3083556ms] [WARNING] Detected `scroll-behavior: smooth` on the `<html>` element. To disable smooth scrolling during route transitions, add `data-scroll-behavior="smooth"` to your <html> element. Learn more: https://nextjs.org/docs/messages/missing-data-scroll-behavior @ http://localhost:3002/_next/static/chunks/node_modules_next_dist_1e8vcs8._.js:776
[ 3083647ms] [INFO] %cDownload the React DevTools for a better development experience: https://react.dev/link/react-devtools font-weight:bold @ http://localhost:3002/_next/static/chunks/node_modules_next_dist_1e8vcs8._.js:776
[ 3083660ms] [LOG] [HMR] connected @ http://localhost:3002/_next/static/chunks/node_modules_next_dist_1e8vcs8._.js:776
[ 3083763ms] [WARNING] Detected `scroll-behavior: smooth` on the `<html>` element. To disable smooth scrolling during route transitions, add `data-scroll-behavior="smooth"` to your <html> element. Learn more: https://nextjs.org/docs/messages/missing-data-scroll-behavior @ http://localhost:3002/_next/static/chunks/node_modules_next_dist_1e8vcs8._.js:776
[ 3083898ms] [INFO] %cDownload the React DevTools for a better development experience: https://react.dev/link/react-devtools font-weight:bold @ http://localhost:3002/_next/static/chunks/node_modules_next_dist_1e8vcs8._.js:776
[ 3083917ms] [LOG] [HMR] connected @ http://localhost:3002/_next/static/chunks/node_modules_next_dist_1e8vcs8._.js:776
[ 3084071ms] [WARNING] Detected `scroll-behavior: smooth` on the `<html>` element. To disable smooth scrolling during route transitions, add `data-scroll-behavior="smooth"` to your <html> element. Learn more: https://nextjs.org/docs/messages/missing-data-scroll-behavior @ http://localhost:3002/_next/static/chunks/node_modules_next_dist_1e8vcs8._.js:776
